// Jest Snapshot v1, https://goo.gl/fbAQLP

exports[`<FooterText /> has rendered correctly 1`] = `
<p
  className="MuiTypography-root MuiTypography-body1 MuiTypography-colorTextSecondary"
/>
`;
