// Jest Snapshot v1, https://goo.gl/fbAQLP

exports[`<TransparentNavbar /> has rendered correctly 1`] = `
<div
  className="MuiGrid-root makeStyles-navbar-1 MuiGrid-container MuiGrid-direction-xs-column MuiGrid-justify-xs-center"
>
  <div
    className="MuiGrid-root MuiGrid-container MuiGrid-align-items-xs-center MuiGrid-justify-xs-space-between"
  >
    <div
      className="MuiGrid-root MuiGrid-item"
    >
      <div
        aria-disabled={false}
        className="MuiButtonBase-root MuiListItem-root MuiListItem-gutters MuiListItem-button"
        onBlur={[Function]}
        onDragLeave={[Function]}
        onFocus={[Function]}
        onKeyDown={[Function]}
        onKeyUp={[Function]}
        onMouseDown={[Function]}
        onMouseLeave={[Function]}
        onMouseUp={[Function]}
        onTouchEnd={[Function]}
        onTouchMove={[Function]}
        onTouchStart={[Function]}
        role="button"
        tabIndex={0}
      >
        <div
          className="MuiListItemAvatar-root"
        >
          <div
            className="MuiAvatar-root MuiAvatar-circle"
          >
            <img
              alt="Taffy"
              className="MuiAvatar-img"
              src="/static/icons/illustrious_comics_logo.png"
            />
          </div>
        </div>
        <h5
          className="MuiTypography-root MuiTypography-h5 MuiTypography-colorTextSecondary"
        >
          Taffy
        </h5>
      </div>
    </div>
    <div
      className="MuiGrid-root MuiGrid-item"
    />
  </div>
</div>
`;
