// Jest Snapshot v1, https://goo.gl/fbAQLP

exports[`<AutoSlider /> has rendered correctly 1`] = `ShallowWrapper {}`;

exports[`<AutoSlider /> has rendered correctly with props 1`] = `ShallowWrapper {}`;
